#
# There is insufficient memory for the Java Runtime Environment to continue.
# Native memory allocation (mmap) failed to map 130023424 bytes. Error detail: G1 virtual space
# Possible reasons:
#   The system is out of physical RAM or swap space
#   This process is running with CompressedOops enabled, and the Java Heap may be blocking the growth of the native heap
# Possible solutions:
#   Reduce memory load on the system
#   Increase physical memory or swap space
#   Check if swap backing store is full
#   Decrease Java heap size (-Xmx/-Xms)
#   Decrease number of Java threads
#   Decrease Java thread stack sizes (-Xss)
#   Set larger code cache with -XX:ReservedCodeCacheSize=
#   JVM is running with Unscaled Compressed Oops mode in which the Java heap is
#     placed in the first 4GB address space. The Java Heap base address is the
#     maximum limit for the native heap growth. Please use -XX:HeapBaseMinAddress
#     to set the Java Heap base and to place the Java Heap above 4GB virtual address.
# This output file may be truncated or incomplete.
#
#  Out of Memory Error (os_windows.cpp:3714), pid=33024, tid=34396
#
# JRE version:  (21.0.10+7) (build )
# Java VM: OpenJDK 64-Bit Server VM (21.0.10+7-LTS, mixed mode, sharing, tiered, compressed oops, compressed class ptrs, g1 gc, windows-amd64)
# No core dump will be written. Minidumps are not enabled by default on client versions of Windows
#

---------------  S U M M A R Y ------------

Command Line: -XX:+ShowCodeDetailsInExceptionMessages -agentlib:jdwp=transport=dt_socket,suspend=y,address=localhost:56972 -javaagent:C:\eclipse\configuration\org.eclipse.osgi\258\0\.cp\lib\javaagent-shaded.jar -Dfile.encoding=UTF-8 -Dstdout.encoding=UTF-8 -Dstderr.encoding=UTF-8 --module-path=C:\Users\VAS0035790\Desktop\FUND_PROGRAMACAO\AreaTriangulo\bin -Djdk.module.main=AreaTriangulo AreaTriangulo/App.area

Host: 12th Gen Intel(R) Core(TM) i5-12500, 12 cores, 7G,  Windows 11 , 64 bit Build 26100 (10.0.26100.8875)
Time: Tue Sep  8 14:47:31 2026 Hora oficial do Brasil elapsed time: 4.086578 seconds (0d 0h 0m 4s)

---------------  T H R E A D  ---------------

Current thread (0x000002044f2a6ed0):  JavaThread "Unknown thread" [_thread_in_vm, id=34396, stack(0x0000007389400000,0x0000007389500000) (1024K)]

Stack: [0x0000007389400000,0x0000007389500000]
Native frames: (J=compiled Java code, j=interpreted, Vv=VM code, C=native code)
V  [jvm.dll+0x6d7a39]
V  [jvm.dll+0x8b4b26]
V  [jvm.dll+0x8b70de]
V  [jvm.dll+0x8b77c3]
V  [jvm.dll+0x284346]
V  [jvm.dll+0x6d4355]
V  [jvm.dll+0x6c808a]
V  [jvm.dll+0x35edb8]
V  [jvm.dll+0x3669f6]
V  [jvm.dll+0x3b7afe]
V  [jvm.dll+0x3b7da8]
V  [jvm.dll+0x332fbc]
V  [jvm.dll+0x333b0b]
V  [jvm.dll+0x87eadb]
V  [jvm.dll+0x3c4a81]
V  [jvm.dll+0x867d25]
V  [jvm.dll+0x457b31]
V  [jvm.dll+0x459721]
C  [jli.dll+0x52d0]
C  [ucrtbase.dll+0x2cd30]
C  [KERNEL32.DLL+0x2e957]
C  [ntdll.dll+0xaad6c]


---------------  P R O C E S S  ---------------

Threads class SMR info:
_java_thread_list=0x00007ffc7ef5a1c8, length=0, elements={
}

Java Threads: ( => current thread )
Total: 0

Other Threads:
  0x000002044f2f72f0 WorkerThread "GC Thread#0"                     [id=35104, stack(0x0000007389500000,0x0000007389600000) (1024K)]
  0x000002044f307770 ConcurrentGCThread "G1 Main Marker"            [id=35140, stack(0x0000007389600000,0x0000007389700000) (1024K)]
  0x000002044f3090a0 WorkerThread "G1 Conc#0"                       [id=35148, stack(0x0000007389700000,0x0000007389800000) (1024K)]

[error occurred during error reporting (printing all threads), id 0xc0000005, EXCEPTION_ACCESS_VIOLATION (0xc0000005) at pc=0x00007ffc7e6556a7]
VM state: not at safepoint (not fully initialized)

VM Mutex/Monitor currently owned by a thread:  ([mutex/lock_event])
[0x00007ffc7efce660] Heap_lock - owner thread: 0x000002044f2a6ed0

Heap address: 0x0000000084c00000, size: 1972 MB, Compressed Oops mode: 32-bit

CDS archive(s) mapped at: [0x0000000000000000-0x0000000000000000-0x0000000000000000), size 0, SharedBaseAddress: 0x0000000800000000, ArchiveRelocationMode: 1.
Narrow klass base: 0x0000000000000000, Narrow klass shift: 0, Narrow klass range: 0x0

GC Precious Log:
 CardTable entry size: 512
 Card Set container configuration: InlinePtr #cards 5 size 8 Array Of Cards #cards 12 size 40 Howl #buckets 4 coarsen threshold 1843 Howl Bitmap #cards 512 size 80 coarsen threshold 460 Card regions per heap region 1 cards per card region 2048

Heap:
 garbage-first heap   total 0K, used 0K [0x0000000084c00000, 0x0000000100000000)
  region size 1024K, 0 young (0K), 0 survivors (0K)

[error occurred during error reporting (printing heap information), id 0xc0000005, EXCEPTION_ACCESS_VIOLATION (0xc0000005) at pc=0x00007ffc7ea413b9]
GC Heap History (0 events):
No events

Dll operation events (1 events):
Event: 1.190 Loaded shared library C:\eclipse\plugins\org.eclipse.justj.openjdk.hotspot.jre.full.win32.x86_64_21.0.10.v20260205-0638\jre\bin\java.dll

Deoptimization events (0 events):
No events

Classes loaded (0 events):
No events

Classes unloaded (0 events):
No events

Classes redefined (0 events):
No events

Internal exceptions (0 events):
No events

ZGC Phase Switch (0 events):
No events

VM Operations (0 events):
No events

Memory protections (0 events):
No events

Nmethod flushes (0 events):
No events

Events (0 events):
No events


Dynamic libraries:
0x00007ff62e380000 - 0x00007ff62e38e000 	C:\eclipse\plugins\org.eclipse.justj.openjdk.hotspot.jre.full.win32.x86_64_21.0.10.v20260205-0638\jre\bin\javaw.exe
0x00007ffd5b180000 - 0x00007ffd5b3e6000 	C:\WINDOWS\SYSTEM32\ntdll.dll
0x00007ffd5a5d0000 - 0x00007ffd5a699000 	C:\WINDOWS\System32\KERNEL32.DLL
0x00007ffd584d0000 - 0x00007ffd588ce000 	C:\WINDOWS\System32\KERNELBASE.dll
0x00007ffd58c10000 - 0x00007ffd58d5c000 	C:\WINDOWS\System32\ucrtbase.dll
0x00007ffd51160000 - 0x00007ffd5117e000 	C:\eclipse\plugins\org.eclipse.justj.openjdk.hotspot.jre.full.win32.x86_64_21.0.10.v20260205-0638\jre\bin\VCRUNTIME140.dll
0x00007ffd51180000 - 0x00007ffd51198000 	C:\eclipse\plugins\org.eclipse.justj.openjdk.hotspot.jre.full.win32.x86_64_21.0.10.v20260205-0638\jre\bin\jli.dll
0x00007ffd5a7a0000 - 0x00007ffd5a967000 	C:\WINDOWS\System32\USER32.dll
0x00007ffd58a60000 - 0x00007ffd58a87000 	C:\WINDOWS\System32\win32u.dll
0x00007ffd5ab50000 - 0x00007ffd5ab7b000 	C:\WINDOWS\System32\GDI32.dll
0x00007ffd583a0000 - 0x00007ffd584ca000 	C:\WINDOWS\System32\gdi32full.dll
0x00007ffd58e00000 - 0x00007ffd58ea3000 	C:\WINDOWS\System32\msvcp_win.dll
0x00007ffd39360000 - 0x00007ffd395f2000 	C:\WINDOWS\WinSxS\amd64_microsoft.windows.common-controls_6595b64144ccf1df_6.0.26100.8875_none_3e0d5d42e32fe9dd\COMCTL32.dll
0x00007ffd5b090000 - 0x00007ffd5b139000 	C:\WINDOWS\System32\msvcrt.dll
0x00007ffd5ab80000 - 0x00007ffd5abb2000 	C:\WINDOWS\System32\IMM32.DLL
0x00007ffd4ec40000 - 0x00007ffd4ed9e000 	C:\WINDOWS\system32\tmumh\20019\AddOn\8.55.0.1409\TmUmEvt64.dll
0x00007ffd59c80000 - 0x00007ffd59c88000 	C:\WINDOWS\System32\PSAPI.DLL
0x00007ffd58ff0000 - 0x00007ffd590a7000 	C:\WINDOWS\System32\ADVAPI32.dll
0x00007ffd59ac0000 - 0x00007ffd59b6a000 	C:\WINDOWS\System32\sechost.dll
0x00007ffd58eb0000 - 0x00007ffd58fc8000 	C:\WINDOWS\System32\RPCRT4.dll
0x000000005a760000 - 0x000000005a887000 	C:\WINDOWS\system32\tmumh\20019\TmMon\2.9.0.1243\tmmon64.dll
0x00007ffd35d90000 - 0x00007ffd360cb000 	C:\WINDOWS\System32\TmLWE\TmUmSnsr64\1.0.0.1165\TmUmSnsr64.dll
0x00007ffd56350000 - 0x00007ffd5636b000 	C:\WINDOWS\SYSTEM32\kernel.appcore.dll
0x00007ffd50e90000 - 0x00007ffd50e9c000 	C:\eclipse\plugins\org.eclipse.justj.openjdk.hotspot.jre.full.win32.x86_64_21.0.10.v20260205-0638\jre\bin\vcruntime140_1.dll
0x00007ffd41d80000 - 0x00007ffd41e0d000 	C:\eclipse\plugins\org.eclipse.justj.openjdk.hotspot.jre.full.win32.x86_64_21.0.10.v20260205-0638\jre\bin\msvcp140.dll
0x00007ffc7e310000 - 0x00007ffc7f0b1000 	C:\eclipse\plugins\org.eclipse.justj.openjdk.hotspot.jre.full.win32.x86_64_21.0.10.v20260205-0638\jre\bin\server\jvm.dll
0x00007ffd5af50000 - 0x00007ffd5afd0000 	C:\WINDOWS\System32\WS2_32.dll
0x00007ffd573f0000 - 0x00007ffd5744e000 	C:\WINDOWS\SYSTEM32\POWRPROF.dll
0x00007ffd4ddc0000 - 0x00007ffd4ddf6000 	C:\WINDOWS\SYSTEM32\WINMM.dll
0x00007ffd4e740000 - 0x00007ffd4e74b000 	C:\WINDOWS\SYSTEM32\VERSION.dll
0x00007ffd572c0000 - 0x00007ffd572d4000 	C:\WINDOWS\SYSTEM32\UMPDC.dll
0x00007ffd51530000 - 0x00007ffd5153a000 	C:\eclipse\plugins\org.eclipse.justj.openjdk.hotspot.jre.full.win32.x86_64_21.0.10.v20260205-0638\jre\bin\jimage.dll
0x00007ffd54690000 - 0x00007ffd548d2000 	C:\WINDOWS\SYSTEM32\DBGHELP.DLL
0x00007ffd5abc0000 - 0x00007ffd5af43000 	C:\WINDOWS\System32\combase.dll
0x00007ffd599e0000 - 0x00007ffd59ab9000 	C:\WINDOWS\System32\OLEAUT32.dll
0x00007ffd43680000 - 0x00007ffd436bb000 	C:\WINDOWS\SYSTEM32\dbgcore.DLL
0x00007ffd589a0000 - 0x00007ffd58a4c000 	C:\WINDOWS\System32\bcryptPrimitives.dll
0x00007ffd50e50000 - 0x00007ffd50e8c000 	C:\eclipse\plugins\org.eclipse.justj.openjdk.hotspot.jre.full.win32.x86_64_21.0.10.v20260205-0638\jre\bin\jdwp.dll
0x00007ffd50e40000 - 0x00007ffd50e4f000 	C:\eclipse\plugins\org.eclipse.justj.openjdk.hotspot.jre.full.win32.x86_64_21.0.10.v20260205-0638\jre\bin\instrument.dll
0x00007ffd50e10000 - 0x00007ffd50e30000 	C:\eclipse\plugins\org.eclipse.justj.openjdk.hotspot.jre.full.win32.x86_64_21.0.10.v20260205-0638\jre\bin\java.dll

JVMTI agents:
jdwp path:none, loaded, not initialized, options:transport=dt_socket,suspend=y,address=localhost:56972
C:\eclipse\configuration\org.eclipse.osgi\258\0\.cp\lib\javaagent-shaded.jar path:none, loaded, not initialized, instrumentlib options:none

dbghelp: loaded successfully - version: 4.0.5 - missing functions: none
symbol engine: initialized successfully - sym options: 0x614 - pdb path: .;C:\eclipse\plugins\org.eclipse.justj.openjdk.hotspot.jre.full.win32.x86_64_21.0.10.v20260205-0638\jre\bin;C:\WINDOWS\SYSTEM32;C:\WINDOWS\WinSxS\amd64_microsoft.windows.common-controls_6595b64144ccf1df_6.0.26100.8875_none_3e0d5d42e32fe9dd;C:\WINDOWS\system32\tmumh\20019\AddOn\8.55.0.1409;C:\WINDOWS\system32\tmumh\20019\TmMon\2.9.0.1243;C:\WINDOWS\System32\TmLWE\TmUmSnsr64\1.0.0.1165;C:\eclipse\plugins\org.eclipse.justj.openjdk.hotspot.jre.full.win32.x86_64_21.0.10.v20260205-0638\jre\bin\server

VM Arguments:
jvm_args: -XX:+ShowCodeDetailsInExceptionMessages -agentlib:jdwp=transport=dt_socket,suspend=y,address=localhost:56972 -javaagent:C:\eclipse\configuration\org.eclipse.osgi\258\0\.cp\lib\javaagent-shaded.jar -Dfile.encoding=UTF-8 -Dstdout.encoding=UTF-8 -Dstderr.encoding=UTF-8 --module-path=C:\Users\VAS0035790\Desktop\FUND_PROGRAMACAO\AreaTriangulo\bin -Djdk.module.main=AreaTriangulo 
java_command: AreaTriangulo/App.area
java_class_path (initial): <not set>
Launcher Type: SUN_STANDARD

[Global flags]
     intx CICompilerCount                          = 4                                         {product} {ergonomic}
     uint ConcGCThreads                            = 3                                         {product} {ergonomic}
     uint G1ConcRefinementThreads                  = 10                                        {product} {ergonomic}
   size_t G1HeapRegionSize                         = 1048576                                   {product} {ergonomic}
    uintx GCDrainStackTargetSize                   = 64                                        {product} {ergonomic}
   size_t InitialHeapSize                          = 130023424                                 {product} {ergonomic}
   size_t MarkStackSize                            = 4194304                                   {product} {ergonomic}
   size_t MaxHeapSize                              = 2067791872                                {product} {ergonomic}
   size_t MinHeapDeltaBytes                        = 1048576                                   {product} {ergonomic}
   size_t MinHeapSize                              = 8388608                                   {product} {ergonomic}
    uintx NonNMethodCodeHeapSize                   = 5839372                                {pd product} {ergonomic}
    uintx NonProfiledCodeHeapSize                  = 122909434                              {pd product} {ergonomic}
    uintx ProfiledCodeHeapSize                     = 122909434                              {pd product} {ergonomic}
    uintx ReservedCodeCacheSize                    = 251658240                              {pd product} {ergonomic}
     bool SegmentedCodeCache                       = true                                      {product} {ergonomic}
     bool ShowCodeDetailsInExceptionMessages       = true                                   {manageable} {command line}
   size_t SoftMaxHeapSize                          = 2067791872                             {manageable} {ergonomic}
     bool UseCompressedOops                        = true                           {product lp64_product} {ergonomic}
     bool UseG1GC                                  = true                                      {product} {ergonomic}
     bool UseLargePagesIndividualAllocation        = false                                  {pd product} {ergonomic}

Logging:
Log output configuration:
 #0: stdout all=warning uptime,level,tags foldmultilines=false
 #1: stderr all=off uptime,level,tags foldmultilines=false

Release file:
<release file has not been read>
Environment Variables:
PATH=C:\eclipse\plugins\org.eclipse.justj.openjdk.hotspot.jre.full.win32.x86_64_21.0.10.v20260205-0638\jre\bin;C:/eclipse//plugins/org.eclipse.justj.openjdk.hotspot.jre.full.win32.x86_64_21.0.10.v20260205-0638/jre/bin/server;C:/eclipse//plugins/org.eclipse.justj.openjdk.hotspot.jre.full.win32.x86_64_21.0.10.v20260205-0638/jre/bin;C:\Program Files\Common Files\Oracle\Java\javapath;C:\Program Files (x86)\Common Files\Oracle\Java\java8path;C:\Program Files (x86)\Common Files\Oracle\Java\javapath;C:\Windows\system32;C:\Windows;C:\Windows\System32\Wbem;C:\Windows\System32\WindowsPowerShell\v1.0\;C:\Windows\System32\OpenSSH\;C:\Program Files\dotnet\;C:\Program Files\Microsoft VS Code\bin;C:\Program Files\nodejs\;C:\Users\jopereira.ope\AppData\Local\Microsoft\WindowsApps;C:\WINDOWS\system32;C:\WINDOWS;C:\WINDOWS\System32\Wbem;C:\WINDOWS\System32\WindowsPowerShell\v1.0\;C:\WINDOWS\System32\OpenSSH\;C:\Program Files (x86)\Windows Kits\10\Windows Performance Toolkit\;C:\Program Files\Docker\Docker\resources\bin;C:\Program Files\Git\cmd;C:\Users\VAS0035790\AppData\Local\Microsoft\WindowsApps;;C:\eclipse;
USERNAME=VAS0035790
OS=Windows_NT
PROCESSOR_IDENTIFIER=Intel64 Family 6 Model 151 Stepping 5, GenuineIntel
TMP=C:\Users\VAS003~1\AppData\Local\Temp
TEMP=C:\Users\VAS003~1\AppData\Local\Temp




Periodic native trim disabled

---------------  S Y S T E M  ---------------

OS:
 Windows 11 , 64 bit Build 26100 (10.0.26100.8875)
OS uptime: 0 days 0:51 hours
Hyper-V role detected

CPU: total 12 (initial active 12) (6 cores per cpu, 2 threads per core) family 6 model 151 stepping 5 microcode 0x3a, cx8, cmov, fxsr, ht, mmx, 3dnowpref, sse, sse2, sse3, ssse3, sse4.1, sse4.2, popcnt, lzcnt, tsc, tscinvbit, avx, avx2, aes, erms, clmul, bmi1, bmi2, adx, sha, fma, vzeroupper, clflush, clflushopt, clwb, hv, serialize, rdtscp, rdpid, fsrm, f16c, cet_ibt, cet_ss
Processor Information for the first 12 processors :
  Max Mhz: 3000, Current Mhz: 3000, Mhz Limit: 3000

Memory: 4k page, system-wide physical 7880M (248M free)
TotalPageFile size 32456M (AvailPageFile size 2M)
current process WorkingSet (physical memory assigned to process): 18M, peak: 18M
current process commit charge ("private bytes"): 70M, peak: 194M

vm_info: OpenJDK 64-Bit Server VM (21.0.10+7-LTS) for windows-amd64 JRE (21.0.10+7-LTS), built on 2026-01-20T00:00:00Z by "admin" with MS VC++ 17.12 (VS2022)

END.
