#
# A fatal error has been detected by the Java Runtime Environment:
#
#  EXCEPTION_ACCESS_VIOLATION (0xc0000005) at pc=0x00007ffd51531b65, pid=34452, tid=35756
#
# JRE version:  (21.0.10+7) (build )
# Java VM: OpenJDK 64-Bit Server VM (21.0.10+7-LTS, mixed mode, sharing, tiered, compressed class ptrs, unknown gc, windows-amd64)
# Problematic frame:
# C  [jimage.dll+0x1b65]
#
# No core dump will be written. Minidumps are not enabled by default on client versions of Windows
#
#

---------------  S U M M A R Y ------------

Command Line: 

Host: 12th Gen Intel(R) Core(TM) i5-12500, 12 cores, 7G,  Windows 11 , 64 bit Build 26100 (10.0.26100.8875)
Time: Tue Sep  8 14:47:30 2026 Hora oficial do Brasil elapsed time: 2.067638 seconds (0d 0h 0m 2s)

---------------  T H R E A D  ---------------

Current thread is native thread

Stack: [0x0000004eb2e00000,0x0000004eb2f00000],  sp=0x0000004eb2efdbe0,  free space=1014k
Native frames: (J=compiled Java code, j=interpreted, Vv=VM code, C=native code)
C  [jimage.dll+0x1b65]
C  [jimage.dll+0x1cef]
C  [jimage.dll+0x25b9]
V  [jvm.dll+0x221d52]
V  [jvm.dll+0xcae37]
V  [jvm.dll+0x867b5c]
V  [jvm.dll+0x457b31]
V  [jvm.dll+0x459721]
C  [jli.dll+0x52d0]
C  [ucrtbase.dll+0x2cd30]
C  [KERNEL32.DLL+0x2e957]
C  [ntdll.dll+0xaad6c]


siginfo: EXCEPTION_ACCESS_VIOLATION (0xc0000005), reading address 0x0000000000014a38


Registers:
RAX=0x00000000000007b3, RBX=0x0000004eb2efdcd1, RCX=0x00007ffd51536000, RDX=0x0000000000005287
RSP=0x0000004eb2efdbe0, RBP=0x0000004eb2efdcd0, RSI=0x0000000000007637, RDI=0x0000004eb2efdcd0
R8 =0x00007ffd51534298, R9 =0x000000000000001c, R10=0x00007ffd51160000, R11=0x00007ffd51536000
R12=0x0000000000000000, R13=0x0000004eb2eff700, R14=0x0000004eb2efed40, R15=0x00007ffc7ed24558
RIP=0x00007ffd51531b65, EFLAGS=0x0000000000010247

XMM[0]=0x0000000000000000 0x0000000000000000
XMM[1]=0x2f6d762f6c616e72 0x65746e692f6b646a
XMM[2]=0x736e6f6974706f2f 0x6d762f6c616e7265
XMM[3]=0x0000000000000000 0x0000000000000000
XMM[4]=0x0000000000000000 0x0000000000000000
XMM[5]=0x0000000000000000 0x0000000000000000
XMM[6]=0x0000000000000000 0x0000000000000000
XMM[7]=0x0000000000000000 0x0000000000000000
XMM[8]=0x0000000000000000 0x0000000000000000
XMM[9]=0x0000000000000000 0x0000000000000000
XMM[10]=0x0000000000000000 0x0000000000000000
XMM[11]=0x0000000000000000 0x0000000000000000
XMM[12]=0x0000000000000000 0x0000000000000000
XMM[13]=0x0000000000000000 0x0000000000000000
XMM[14]=0x0000000000000000 0x0000000000000000
XMM[15]=0x0000000000000000 0x0000000000000000
  MXCSR=0x00001f80


Top of Stack: (sp=0x0000004eb2efdbe0)
0x0000004eb2efdbe0:   0000000000000000 0000004eb2efe0a8
0x0000004eb2efdbf0:   0000000000000000 0000000000000000
0x0000004eb2efdc00:   000001d550f0b000 00007ffd51531cef
0x0000004eb2efdc10:   000000000000000b 000001d550f0b000
0x0000004eb2efdc20:   000001d5514d7020 0000000000000000
0x0000004eb2efdc30:   0000000000000000 0000000000000138
0x0000004eb2efdc40:   0000000000000000 0000000000000000
0x0000004eb2efdc50:   0000007200000000 0000000000000000
0x0000004eb2efdc60:   0000000000000000 0000000000000000
0x0000004eb2efdc70:   0000e889fb077f24 0000000000000000
0x0000004eb2efdc80:   00007ffc7ed01de0 0000000000000017
0x0000004eb2efdc90:   000001d550f0b000 0000004eb2efed40
0x0000004eb2efdca0:   000000000000000b 00007ffd515325b9
0x0000004eb2efdcb0:   0000000000000000 0000000000000000
0x0000004eb2efdcc0:   000001d550f329d0 0000000000000000
0x0000004eb2efdcd0:   61622e6176616a2f 692f6b646a2f6573
0x0000004eb2efdce0:   2f6c616e7265746e 6f6974706f2f6d76
0x0000004eb2efdcf0:   000000000000736e 0000000000000000
0x0000004eb2efdd00:   000001d550f307d0 0000000000000005
0x0000004eb2efdd10:   000001d550f329d0 00007ffd4ec68138
0x0000004eb2efdd20:   0000000000000000 0000004eb2efdde0
0x0000004eb2efdd30:   00007ffd4ed6f2e0 00007ffd4ecb642d
0x0000004eb2efdd40:   0000004eb2efe0e0 0000004eb2efe0a8
0x0000004eb2efdd50:   0000004eb2efe0e0 0000004eb2efe0a8
0x0000004eb2efdd60:   0000000000000000 00007ffd4ecb630d
0x0000004eb2efdd70:   0000004eb2efdde0 00007ffd4ed34b20
0x0000004eb2efdd80:   00007ffd4ed34a00 00000000000001bd
0x0000004eb2efdd90:   0000000000000000 000000005a7cc2a4
0x0000004eb2efdda0:   0000004eb2efe190 0000000000000000
0x0000004eb2efddb0:   0000004e00000000 0000672900000000
0x0000004eb2efddc0:   0000000700000002 0000004eb289c000
0x0000004eb2efddd0:   0000000100000001 00000000fffffffe 

Instructions: (pc=0x00007ffd51531b65)
0x00007ffd51531a65:   48 85 c9 74 1d 80 3d 9f 45 00 00 00 74 06 48 8b
0x00007ffd51531a75:   53 18 eb 04 48 8b 53 40 e8 92 0e 00 00 48 83 63
0x00007ffd51531a85:   48 00 8b 4b 0c 83 f9 ff 74 09 e8 c8 0c 00 00 83
0x00007ffd51531a95:   4b 0c ff 48 8b 4b 70 48 85 c9 74 0f ba 10 00 00
0x00007ffd51531aa5:   00 e8 e9 0e 00 00 48 83 63 70 00 48 83 c4 20 5b
0x00007ffd51531ab5:   c3 cc cc 40 53 48 83 ec 20 48 8b d9 48 8d 0d b8
0x00007ffd51531ac5:   47 00 00 e8 97 0c 00 00 83 6b 08 01 75 24 48 8b
0x00007ffd51531ad5:   d3 48 8d 0d 3b 45 00 00 e8 0a 08 00 00 48 8b cb
0x00007ffd51531ae5:   e8 d6 fe ff ff ba 78 00 00 00 48 8b cb e8 9d 0e
0x00007ffd51531af5:   00 00 48 8d 0d 82 47 00 00 48 83 c4 20 5b e9 64
0x00007ffd51531b05:   0c 00 00 48 89 5c 24 08 48 89 74 24 10 57 48 83
0x00007ffd51531b15:   ec 20 41 8b f1 4d 8b c8 48 8b fa 4c 8b d9 4d 85
0x00007ffd51531b25:   c0 74 73 85 f6 74 6f 44 8a 12 48 8d 5a 01 48 8b
0x00007ffd51531b35:   d3 b8 93 01 00 01 eb 12 69 c0 93 01 00 01 41 0f
0x00007ffd51531b45:   b6 ca 44 8a 12 33 c1 48 ff c2 45 84 d2 75 e9 4d
0x00007ffd51531b55:   8b 03 33 d2 0f ba f0 1f 49 8b cb f7 f6 48 63 d2
0x00007ffd51531b65:   41 8b 14 91 41 ff 50 08 85 c0 7e 24 8a 0f eb 10
0x00007ffd51531b75:   69 c0 93 01 00 01 0f b6 c9 33 c1 8a 0b 48 ff c3
0x00007ffd51531b85:   84 c9 75 ec 0f ba f0 1f 33 d2 f7 f6 8b c2 eb 09
0x00007ffd51531b95:   79 04 f7 d0 eb 03 83 c8 ff 48 8b 5c 24 30 48 8b
0x00007ffd51531ba5:   74 24 38 48 83 c4 20 5f c3 cc cc 48 89 5c 24 08
0x00007ffd51531bb5:   48 89 74 24 10 57 48 83 ec 20 48 8b f1 48 8d 0d
0x00007ffd51531bc5:   b7 46 00 00 e8 96 0b 00 00 33 ff 39 3d 42 44 00
0x00007ffd51531bd5:   00 76 24 48 8b 05 41 44 00 00 48 8b d6 48 8b 1c
0x00007ffd51531be5:   f8 48 8b 0b e8 5c 1f 00 00 85 c0 74 2b ff c7 3b
0x00007ffd51531bf5:   3d 1e 44 00 00 72 dc 33 db 48 8d 0d 7b 46 00 00
0x00007ffd51531c05:   e8 62 0b 00 00 48 8b 74 24 38 48 8b c3 48 8b 5c
0x00007ffd51531c15:   24 30 48 83 c4 20 5f c3 ff 43 08 eb dc cc cc 48
0x00007ffd51531c25:   89 5c 24 08 48 89 74 24 10 57 48 83 ec 20 48 8b
0x00007ffd51531c35:   d9 48 8b f2 48 8b 49 10 49 8b f8 8b 53 30 48 8b
0x00007ffd51531c45:   01 ff 50 20 4c 8b 43 50 48 8b d6 48 8b 4b 10 44
0x00007ffd51531c55:   8b c8 e8 ac fe ff ff 83 f8 ff 74 38 48 8b 4b 10 



---------------  P R O C E S S  ---------------

VM state: not at safepoint (not fully initialized)

VM Mutex/Monitor currently owned by a thread: None

CDS archive(s) mapped at: [0x0000000000000000-0x0000000000000000-0x0000000000000000), size 0, SharedBaseAddress: 0x0000000800000000, ArchiveRelocationMode: 1.
Narrow klass base: 0x0000000000000000, Narrow klass shift: 0, Narrow klass range: 0x0

GC Precious Log:
<Not initialized>


Dynamic libraries:
0x00007ff62e380000 - 0x00007ff62e38e000 	C:\eclipse\plugins\org.eclipse.justj.openjdk.hotspot.jre.full.win32.x86_64_21.0.10.v20260205-0638\jre\bin\javaw.exe
0x00007ffd5b180000 - 0x00007ffd5b3e6000 	C:\WINDOWS\SYSTEM32\ntdll.dll
0x00007ffd5a5d0000 - 0x00007ffd5a699000 	C:\WINDOWS\System32\KERNEL32.DLL
0x00007ffd584d0000 - 0x00007ffd588ce000 	C:\WINDOWS\System32\KERNELBASE.dll
0x00007ffd58c10000 - 0x00007ffd58d5c000 	C:\WINDOWS\System32\ucrtbase.dll
0x00007ffd51180000 - 0x00007ffd51198000 	C:\eclipse\plugins\org.eclipse.justj.openjdk.hotspot.jre.full.win32.x86_64_21.0.10.v20260205-0638\jre\bin\jli.dll
0x00007ffd51160000 - 0x00007ffd5117e000 	C:\eclipse\plugins\org.eclipse.justj.openjdk.hotspot.jre.full.win32.x86_64_21.0.10.v20260205-0638\jre\bin\VCRUNTIME140.dll
0x00007ffd5a7a0000 - 0x00007ffd5a967000 	C:\WINDOWS\System32\USER32.dll
0x00007ffd58a60000 - 0x00007ffd58a87000 	C:\WINDOWS\System32\win32u.dll
0x00007ffd5ab50000 - 0x00007ffd5ab7b000 	C:\WINDOWS\System32\GDI32.dll
0x00007ffd583a0000 - 0x00007ffd584ca000 	C:\WINDOWS\System32\gdi32full.dll
0x00007ffd58e00000 - 0x00007ffd58ea3000 	C:\WINDOWS\System32\msvcp_win.dll
0x00007ffd39360000 - 0x00007ffd395f2000 	C:\WINDOWS\WinSxS\amd64_microsoft.windows.common-controls_6595b64144ccf1df_6.0.26100.8875_none_3e0d5d42e32fe9dd\COMCTL32.dll
0x00007ffd5b090000 - 0x00007ffd5b139000 	C:\WINDOWS\System32\msvcrt.dll
0x00007ffd5ab80000 - 0x00007ffd5abb2000 	C:\WINDOWS\System32\IMM32.DLL
0x00007ffd4ec40000 - 0x00007ffd4ed9e000 	C:\WINDOWS\system32\tmumh\20019\AddOn\8.55.0.1409\TmUmEvt64.dll
0x00007ffd59c80000 - 0x00007ffd59c88000 	C:\WINDOWS\System32\PSAPI.DLL
0x00007ffd58ff0000 - 0x00007ffd590a7000 	C:\WINDOWS\System32\ADVAPI32.dll
0x00007ffd59ac0000 - 0x00007ffd59b6a000 	C:\WINDOWS\System32\sechost.dll
0x00007ffd58eb0000 - 0x00007ffd58fc8000 	C:\WINDOWS\System32\RPCRT4.dll
0x000000005a760000 - 0x000000005a887000 	C:\WINDOWS\system32\tmumh\20019\TmMon\2.9.0.1243\tmmon64.dll
0x00007ffd35d90000 - 0x00007ffd360cb000 	C:\WINDOWS\System32\TmLWE\TmUmSnsr64\1.0.0.1165\TmUmSnsr64.dll
0x00007ffd56350000 - 0x00007ffd5636b000 	C:\WINDOWS\SYSTEM32\kernel.appcore.dll
0x00007ffd50e90000 - 0x00007ffd50e9c000 	C:\eclipse\plugins\org.eclipse.justj.openjdk.hotspot.jre.full.win32.x86_64_21.0.10.v20260205-0638\jre\bin\vcruntime140_1.dll
0x00007ffd41d80000 - 0x00007ffd41e0d000 	C:\eclipse\plugins\org.eclipse.justj.openjdk.hotspot.jre.full.win32.x86_64_21.0.10.v20260205-0638\jre\bin\msvcp140.dll
0x00007ffc7e310000 - 0x00007ffc7f0b1000 	C:\eclipse\plugins\org.eclipse.justj.openjdk.hotspot.jre.full.win32.x86_64_21.0.10.v20260205-0638\jre\bin\server\jvm.dll
0x00007ffd5af50000 - 0x00007ffd5afd0000 	C:\WINDOWS\System32\WS2_32.dll
0x00007ffd573f0000 - 0x00007ffd5744e000 	C:\WINDOWS\SYSTEM32\POWRPROF.dll
0x00007ffd4ddc0000 - 0x00007ffd4ddf6000 	C:\WINDOWS\SYSTEM32\WINMM.dll
0x00007ffd4e740000 - 0x00007ffd4e74b000 	C:\WINDOWS\SYSTEM32\VERSION.dll
0x00007ffd572c0000 - 0x00007ffd572d4000 	C:\WINDOWS\SYSTEM32\UMPDC.dll
0x00007ffd51530000 - 0x00007ffd5153a000 	C:\eclipse\plugins\org.eclipse.justj.openjdk.hotspot.jre.full.win32.x86_64_21.0.10.v20260205-0638\jre\bin\jimage.dll
0x00007ffd54690000 - 0x00007ffd548d2000 	C:\WINDOWS\SYSTEM32\DBGHELP.DLL
0x00007ffd5abc0000 - 0x00007ffd5af43000 	C:\WINDOWS\System32\combase.dll
0x00007ffd599e0000 - 0x00007ffd59ab9000 	C:\WINDOWS\System32\OLEAUT32.dll
0x00007ffd43680000 - 0x00007ffd436bb000 	C:\WINDOWS\SYSTEM32\dbgcore.DLL
0x00007ffd589a0000 - 0x00007ffd58a4c000 	C:\WINDOWS\System32\bcryptPrimitives.dll

JVMTI agents: none

dbghelp: loaded successfully - version: 4.0.5 - missing functions: none
symbol engine: initialized successfully - sym options: 0x614 - pdb path: .;C:\eclipse\plugins\org.eclipse.justj.openjdk.hotspot.jre.full.win32.x86_64_21.0.10.v20260205-0638\jre\bin;C:\WINDOWS\SYSTEM32;C:\WINDOWS\WinSxS\amd64_microsoft.windows.common-controls_6595b64144ccf1df_6.0.26100.8875_none_3e0d5d42e32fe9dd;C:\WINDOWS\system32\tmumh\20019\AddOn\8.55.0.1409;C:\WINDOWS\system32\tmumh\20019\TmMon\2.9.0.1243;C:\WINDOWS\System32\TmLWE\TmUmSnsr64\1.0.0.1165;C:\eclipse\plugins\org.eclipse.justj.openjdk.hotspot.jre.full.win32.x86_64_21.0.10.v20260205-0638\jre\bin\server

VM Arguments:
java_command: <unknown>
java_class_path (initial): <not set>
Launcher Type: SUN_STANDARD

[Global flags]
     bool UseLargePagesIndividualAllocation        = false                                  {pd product} {ergonomic}

Logging:
Log output configuration:
 #0: stdout all=warning uptime,level,tags foldmultilines=false
 #1: stderr all=off uptime,level,tags foldmultilines=false

Release file:
<release file has not been read>
Environment Variables:
PATH=C:\eclipse\plugins\org.eclipse.justj.openjdk.hotspot.jre.full.win32.x86_64_21.0.10.v20260205-0638\jre\bin;C:/eclipse//plugins/org.eclipse.justj.openjdk.hotspot.jre.full.win32.x86_64_21.0.10.v20260205-0638/jre/bin/server;C:/eclipse//plugins/org.eclipse.justj.openjdk.hotspot.jre.full.win32.x86_64_21.0.10.v20260205-0638/jre/bin;C:\Program Files\Common Files\Oracle\Java\javapath;C:\Program Files (x86)\Common Files\Oracle\Java\java8path;C:\Program Files (x86)\Common Files\Oracle\Java\javapath;C:\Windows\system32;C:\Windows;C:\Windows\System32\Wbem;C:\Windows\System32\WindowsPowerShell\v1.0\;C:\Windows\System32\OpenSSH\;C:\Program Files\dotnet\;C:\Program Files\Microsoft VS Code\bin;C:\Program Files\nodejs\;C:\Users\jopereira.ope\AppData\Local\Microsoft\WindowsApps;C:\WINDOWS\system32;C:\WINDOWS;C:\WINDOWS\System32\Wbem;C:\WINDOWS\System32\WindowsPowerShell\v1.0\;C:\WINDOWS\System32\OpenSSH\;C:\Program Files (x86)\Windows Kits\10\Windows Performance Toolkit\;C:\Program Files\Docker\Docker\resources\bin;C:\Program Files\Git\cmd;C:\Users\VAS0035790\AppData\Local\Microsoft\WindowsApps;;C:\eclipse;
USERNAME=VAS0035790
OS=Windows_NT
PROCESSOR_IDENTIFIER=Intel64 Family 6 Model 151 Stepping 5, GenuineIntel
TMP=C:\Users\VAS003~1\AppData\Local\Temp
TEMP=C:\Users\VAS003~1\AppData\Local\Temp




Periodic native trim disabled

---------------  S Y S T E M  ---------------

OS:
 Windows 11 , 64 bit Build 26100 (10.0.26100.8875)
OS uptime: 0 days 0:51 hours

CPU: total 12 (initial active 0) 
Processor Information for the first 12 processors :
  Max Mhz: 3000, Current Mhz: 3000, Mhz Limit: 3000

Memory: 4k page, system-wide physical 7880M (230M free)
TotalPageFile size 32456M (AvailPageFile size 5M)
current process WorkingSet (physical memory assigned to process): 15M, peak: 15M
current process commit charge ("private bytes"): 9M, peak: 9M

vm_info: OpenJDK 64-Bit Server VM (21.0.10+7-LTS) for windows-amd64 JRE (21.0.10+7-LTS), built on 2026-01-20T00:00:00Z by "admin" with MS VC++ 17.12 (VS2022)

END.
